To honour the JVM settings for this build a single-use Daemon process will be forked. For more on this, please refer to https://docs.gradle.org/9.3.1/userguide/gradle_daemon.html#sec:disabling_the_daemon in the Gradle documentation.
Daemon will be stopped at the end of the build 
> Task :api:compileJava UP-TO-DATE
> Task :api:processResources NO-SOURCE
> Task :api:classes UP-TO-DATE
> Task :api:jar
> Task :core:compileJava UP-TO-DATE
> Task :core:processResources
> Task :core:classes
> Task :core:jar
> Task :versions:v1_20_1:paperweightUserdevSetup UP-TO-DATE
> Task :versions:v1_20_1:compileJava UP-TO-DATE
> Task :versions:v1_20_1:processResources NO-SOURCE
> Task :versions:v1_20_1:classes UP-TO-DATE
> Task :versions:v1_20_1:jar
> Task :versions:v1_21:paperweightUserdevSetup UP-TO-DATE
> Task :versions:v1_21:compileJava UP-TO-DATE
> Task :versions:v1_21:processResources NO-SOURCE
> Task :versions:v1_21:classes UP-TO-DATE
> Task :versions:v1_21:jar
> Task :versions:v1_21_4:paperweightUserdevSetup UP-TO-DATE
> Task :versions:v1_21_4:compileJava UP-TO-DATE
> Task :versions:v1_21_4:processResources NO-SOURCE
> Task :versions:v1_21_4:classes UP-TO-DATE
> Task :versions:v1_21_4:jar
> Task :versions:v1_21_8:paperweightUserdevSetup UP-TO-DATE
> Task :versions:v1_21_8:compileJava UP-TO-DATE
> Task :versions:v1_21_8:processResources NO-SOURCE
> Task :versions:v1_21_8:classes UP-TO-DATE
> Task :versions:v1_21_8:jar
> Task :versions:v1_21_9:paperweightUserdevSetup UP-TO-DATE
> Task :versions:v1_21_9:compileJava UP-TO-DATE
> Task :versions:v1_21_9:processResources NO-SOURCE
> Task :versions:v1_21_9:classes UP-TO-DATE
> Task :versions:v1_21_9:jar
> Task :compileJava NO-SOURCE
> Task :processResources
> Task :classes
> Task :jar
> Task :assemble
> Task :compileTestJava NO-SOURCE
> Task :processTestResources NO-SOURCE
> Task :testClasses UP-TO-DATE
> Task :test NO-SOURCE
> Task :check UP-TO-DATE
> Task :build
> Task :api:javadoc UP-TO-DATE
> Task :api:javadocJar
> Task :api:sourcesJar
> Task :api:assemble
> Task :api:compileTestJava NO-SOURCE
> Task :api:processTestResources NO-SOURCE
> Task :api:testClasses UP-TO-DATE
> Task :api:test NO-SOURCE
> Task :api:check UP-TO-DATE
> Task :api:build
> Task :core:assemble
> Task :core:compileTestJava NO-SOURCE
> Task :core:processTestResources NO-SOURCE
> Task :core:testClasses UP-TO-DATE
> Task :core:test NO-SOURCE
> Task :core:check UP-TO-DATE
> Task :core:build
> Task :versions:compileJava NO-SOURCE
> Task :versions:processResources NO-SOURCE
> Task :versions:classes UP-TO-DATE
> Task :versions:jar
> Task :versions:assemble
> Task :versions:compileTestJava NO-SOURCE
> Task :versions:processTestResources NO-SOURCE
> Task :versions:testClasses UP-TO-DATE
> Task :versions:test NO-SOURCE
> Task :versions:check UP-TO-DATE
> Task :versions:build
> Task :versions:v1_20_1:assemble
> Task :versions:v1_20_1:compileTestJava NO-SOURCE
> Task :versions:v1_20_1:processTestResources NO-SOURCE
> Task :versions:v1_20_1:testClasses UP-TO-DATE
> Task :versions:v1_20_1:test NO-SOURCE
> Task :versions:v1_20_1:check UP-TO-DATE
> Task :versions:v1_20_1:build
> Task :versions:v1_21:assemble
> Task :versions:v1_21:compileTestJava NO-SOURCE
> Task :versions:v1_21:processTestResources NO-SOURCE
> Task :versions:v1_21:testClasses UP-TO-DATE
> Task :versions:v1_21:test NO-SOURCE
> Task :versions:v1_21:check UP-TO-DATE
> Task :versions:v1_21:build
> Task :versions:v1_21_4:assemble
> Task :versions:v1_21_4:compileTestJava NO-SOURCE
> Task :versions:v1_21_4:processTestResources NO-SOURCE
> Task :versions:v1_21_4:testClasses UP-TO-DATE
> Task :versions:v1_21_4:test NO-SOURCE
> Task :versions:v1_21_4:check UP-TO-DATE
> Task :versions:v1_21_4:build
> Task :versions:v1_21_8:assemble
> Task :versions:v1_21_8:compileTestJava NO-SOURCE
> Task :versions:v1_21_8:processTestResources NO-SOURCE
> Task :versions:v1_21_8:testClasses UP-TO-DATE
> Task :versions:v1_21_8:test NO-SOURCE
> Task :versions:v1_21_8:check UP-TO-DATE
> Task :versions:v1_21_8:build
> Task :versions:v1_21_9:assemble
> Task :versions:v1_21_9:compileTestJava NO-SOURCE
> Task :versions:v1_21_9:processTestResources NO-SOURCE
> Task :versions:v1_21_9:testClasses UP-TO-DATE
> Task :versions:v1_21_9:test NO-SOURCE
> Task :versions:v1_21_9:check UP-TO-DATE
> Task :versions:v1_21_9:build

BUILD SUCCESSFUL in 40s
26 actionable tasks: 13 executed, 13 up-to-date
